Microchip MPLAB XC8 Compiler V3.00

Linker command line:

-W-3 \
  --edf=C:/Program Files/Microchip/MPLABX/v6.25/packs/Microchip/PIC18Fxxxx_DFP/1.7.171/xc8\pic\dat\20250117225543_en.msgs \
  -cn -h+dist/default/production\MAQUETA.X.production.sym \
  --cmf=dist/default/production\MAQUETA.X.production.cmf -z -Q18F4550 \
  -oC:\Users\XXX\AppData\Local\Temp\xcAs4qo.\driver_tmp_3.o \
  --defsym=__MPLAB_BUILD=1 --fixupoverflow=error \
  -Mdist/default/production/MAQUETA.X.production.map \
  --md=C:\Users\XXX\AppData\Local\Temp\xcAs4qo.\driver_tmp_0.dat -E1 \
  -ver=XC8 Compiler -ACODE=00h-07FFFh -ACONST=00h-07FFFh \
  -ASMALLCONST=0800h-08FFhx120 -AMEDIUMCONST=0800h-07FFFh -ACOMRAM=01h-05Fh \
  -AABS1=00h-07FFh -ABIGRAM=01h-07FFh -ARAM=060h-0FFh,0100h-01FFhx7 \
  -ABANK0=060h-0FFh -ABANK1=0100h-01FFh -ABANK2=0200h-02FFh \
  -ABANK3=0300h-03FFh -ABANK4=0400h-04FFh -ABANK5=0500h-05FFh \
  -ABANK6=0600h-06FFh -ABANK7=0700h-07FFh -ASFR=0F60h-0FFFh \
  -ABIGSFR=0F60h-0FFFh -ACONFIG=0300000h-030000Dh -AIDLOC=0200000h-0200007h \
  -AEEDATA=0F00000h-0F000FFh -peeprom_data=EEDATA \
  -preset_vec=00h,intcode=8h,intcodelo=18h,sivt_lo,sivt_hi=CODE \
  -ppowerup=CODE,init -pramtop=0800h -psmallconst=SMALLCONST \
  -pmediumconst=MEDIUMCONST -pconst=CONST -AFARRAM=00h-00h \
  -prdata=COMRAM,nvrram=COMRAM,nvbit=COMRAM,rbss=COMRAM,rbit=COMRAM \
  -pfarbss=FARRAM,fardata=FARRAM,nvFARRAM=FARRAM \
  -pintsave_regs=BIGRAM,bigbss=BIGRAM,bigdata=BIGRAM -pbss=RAM \
  -pidata=CODE,irdata=CODE,ibigdata=CODE,ifardata=CODE -prparam=COMRAM \
  C:\Users\XXX\AppData\Local\Temp\xcAs4qo.\driver_tmp_14.o \
  dist/default/production\MAQUETA.X.production.o 

Object code version is 3.11

Machine type is 18F4550



                Name                               Link     Load   Length Selector   Space Scale
C:\Users\XXX\AppData\Local\Temp\xcAs4qo.\driver_tmp_14.o
                config                           300000   300000        E        0       4
                init                                 3A       3A        4        C       0
                reset_vec                             0        0        4        0       0
dist/default/production\MAQUETA.X.production.o
                intcodelo                            18       18       22        C       0
                intcode                               8        8        6        4       0
                config                           300000   300000        E        0       4
                temp                                 59       59        1        1       1
                smallconst                          800      800       52      400       0
                intcode_body                       14E4     14E4        6      429       0
                text20                             1310     1310       5C      429       0
                text19                             1490     1490       20      429       0
                text18                             14D6     14D6        E      429       0
                text17                             11AE     11AE       82      429       0
                text16                             14C8     14C8        E      429       0
                text15                             12AE     12AE       62      429       0
                text14                             14B0     14B0       18      429       0
                text13                              EC2      EC2       D2      429       0
                text12                             13AA     13AA       38      429       0
                text11                             1230     1230       7E      429       0
                text10                              F94      F94       C2      429       0
                text9                              1056     1056       AE      429       0
                text8                              1416     1416       34      429       0
                text7                              14EA     14EA        2      429       0
                text6                              1104     1104       AA      429       0
                text5                               D0A      D0A      1B8      429       0
                text4                              136C     136C       3E      429       0
                text3                              13E2     13E2       34      429       0
                text2                              1470     1470       20      429       0
                text1                               B12      B12      1F8      429       0
                text0                               852      852      2C0      429       0
                cstackCOMRAM                          1        1       45        1       1
                bssBANK0                             60       60       20       60       1
                bssCOMRAM                            46       46       13        1       1
                cinit                              144A     144A       26      429       0

TOTAL           Name                               Link     Load   Length     Space
        CLASS   CODE           
                intcodelo                            18       18       22         0
                intcode                               8        8        6         0
                init                                 3A       3A        4         0
                reset_vec                             0        0        4         0
                intcode_body                       14E4     14E4        6         0
                text20                             1310     1310       5C         0
                text19                             1490     1490       20         0
                text18                             14D6     14D6        E         0
                text17                             11AE     11AE       82         0
                text16                             14C8     14C8        E         0
                text15                             12AE     12AE       62         0
                text14                             14B0     14B0       18         0
                text13                              EC2      EC2       D2         0
                text12                             13AA     13AA       38         0
                text11                             1230     1230       7E         0
                text10                              F94      F94       C2         0
                text9                              1056     1056       AE         0
                text8                              1416     1416       34         0
                text7                              14EA     14EA        2         0
                text6                              1104     1104       AA         0
                text5                               D0A      D0A      1B8         0
                text4                              136C     136C       3E         0
                text3                              13E2     13E2       34         0
                text2                              1470     1470       20         0
                text1                               B12      B12      1F8         0
                text0                               852      852      2C0         0
                cinit                              144A     144A       26         0

        CLASS   CONST          

        CLASS   SMALLCONST     
                smallconst                          800      800       52         0

        CLASS   MEDIUMCONST    

        CLASS   COMRAM         
                temp                                 59       59        1         1
                cstackCOMRAM                          1        1       45         1
                bssCOMRAM                            46       46       13         1

        CLASS   ABS1           

        CLASS   BIGRAM         

        CLASS   RAM            

        CLASS   BANK0          
                bssBANK0                             60       60       20         1

        CLASS   BANK1          

        CLASS   BANK2          

        CLASS   BANK3          

        CLASS   BANK4          

        CLASS   BANK5          

        CLASS   BANK6          

        CLASS   BANK7          

        CLASS   SFR            

        CLASS   BIGSFR         

        CLASS   CONFIG         
                config                           300000   300000        E         4

        CLASS   IDLOC          

        CLASS   EEDATA         

        CLASS   FARRAM         

        CLASS   HEAP           

        CLASS   STACK          



SEGMENTS        Name                           Load    Length   Top    Selector   Space  Class

                reset_vec                      000000  000004  000004         0       0  CODE    
                cstackCOMRAM                   000001  000059  00005A         1       1  COMRAM  
                intcode                        000008  000006  00000E         4       0  CODE    
                intcodelo                      000018  000026  00003E         C       0  CODE    
                bssBANK0                       000060  000020  000080        60       1  BANK0   
                smallconst                     000800  000052  000852       400       0  SMALLCON
                text0                          000852  000C9A  0014EC       429       0  CODE    


UNUSED ADDRESS RANGES

        Name                Unused          Largest block    Delta
        BANK0            000080-0000FF               80
        BANK1            000100-0001FF              100
        BANK2            000200-0002FF              100
        BANK3            000300-0003FF              100
        BANK4            000400-0004FF              100
        BANK5            000500-0005FF              100
        BANK6            000600-0006FF              100
        BANK7            000700-0007FF              100
        BIGRAM           00005A-00005F                6
                         000080-0007FF              780
        BIGSFR           000F60-000FFF               A0
        CODE             000004-000007                4
                         00000E-000017                A
                         00003E-0007FF              7C2
                         0014EC-007FFF             6B14
        COMRAM           00005A-00005F                6
        CONST            000004-000007                4
                         00000E-000017                A
                         00003E-0007FF              7C2
                         0014EC-007FFF             6B14
        EEDATA           F00000-F000FF              100
        IDLOC            200000-200007                8
        MEDIUMCONST      0014EC-007FFF             6B14
        RAM              000080-0007FF              100
        SFR              000F60-000FFF               A0
        SMALLCONST       0014EC-007FFF              100

                                  Symbol Table

?___awdiv                 cstackCOMRAM 000003
?___awmod                 cstackCOMRAM 000003
?_abs                     cstackCOMRAM 000009
?_sprintf                 cstackCOMRAM 00001C
?_vfprintf                cstackCOMRAM 000018
Lcd_Cmd@a                 cstackCOMRAM 000005
Lcd_Port@a                cstackCOMRAM 000003
Lcd_Set_Cursor@a          cstackCOMRAM 000007
Lcd_Set_Cursor@b          cstackCOMRAM 000006
Lcd_Set_Cursor@temp       cstackCOMRAM 00000A
Lcd_Set_Cursor@y          cstackCOMRAM 000009
Lcd_Set_Cursor@z          cstackCOMRAM 000008
Lcd_Write_Char@a          cstackCOMRAM 000006
Lcd_Write_Char@temp       cstackCOMRAM 000004
Lcd_Write_Char@y          cstackCOMRAM 000005
Lcd_Write_String@a        cstackCOMRAM 000007
Lcd_Write_String@i        cstackCOMRAM 00000B
LowISR@dummy              cstackCOMRAM 000002
_ADCON1bits               (abs)        000FC1
_HighISR                  intcode      000008
_INTCON2bits              (abs)        000FF1
_INTCONbits               (abs)        000FF2
_LATA                     (abs)        000F89
_LATAbits                 (abs)        000F89
_LATCbits                 (abs)        000F8B
_LATDbits                 (abs)        000F8C
_LATE                     (abs)        000F8D
_LATEbits                 (abs)        000F8D
_Lcd_Clear                text18       0014D6
_Lcd_Cmd                  text19       001490
_Lcd_Init                 text17       0011AE
_Lcd_Port                 text20       001310
_Lcd_Set_Cursor           text13       000EC2
_Lcd_Write_Char           text12       0013AA
_Lcd_Write_String         text11       001230
_LowISR                   intcodelo    000018
_PORTAbits                (abs)        000F80
_PORTB                    (abs)        000F81
_PORTBbits                (abs)        000F81
_PORTCbits                (abs)        000F82
_RCONbits                 (abs)        000FD0
_TRISA                    (abs)        000F92
_TRISB                    (abs)        000F93
_TRISC                    (abs)        000F94
_TRISCbits                (abs)        000F94
_TRISD                    (abs)        000F95
_TRISDbits                (abs)        000F95
_TRISE                    (abs)        000F96
_TRISEbits                (abs)        000F96
__HRAM                    (abs)        000000
__H__absolute__           __absolute__ 000000
__Habs1                   abs1         000000
__Hbank0                  bank0        000000
__Hbank1                  bank1        000000
__Hbank2                  bank2        000000
__Hbank3                  bank3        000000
__Hbank4                  bank4        000000
__Hbank5                  bank5        000000
__Hbank6                  bank6        000000
__Hbank7                  bank7        000000
__Hbigbss                 bigbss       000000
__Hbigdata                bigdata      000000
__Hbigram                 bigram       000000
__Hbigsfr                 bigsfr       000000
__Hbss                    bss          000000
__HbssBANK0               bssBANK0     000000
__HbssCOMRAM              bssCOMRAM    000000
__Hcinit                  cinit        000000
__Hclrtext                clrtext      000000
__Hcomram                 comram       000000
__Hconfig                 config       30000E
__Hconst                  const        000000
__HcstackCOMRAM           cstackCOMRAM 000000
__Hdata                   data         000000
__Heeprom_data            eeprom_data  000000
__Hfarbss                 farbss       000000
__Hfardata                fardata      000000
__Hheap                   heap         000000
__Hibigdata               ibigdata     000000
__Hidata                  idata        000000
__Hidloc                  idloc        000000
__Hifardata               ifardata     000000
__Hinit                   init         00003E
__Hintcode                intcode      00000E
__Hintcode_body           intcode_body 000000
__Hintcodelo              intcodelo    00003A
__Hintentry               intentry     000000
__Hintret                 intret       000000
__Hintsave_regs           intsave_regs 000000
__Hirdata                 irdata       000000
__Hmediumconst            mediumconst  000000
__HnvFARRAM               nvFARRAM     000000
__Hnvbit                  nvbit        000000
__Hnvrram                 nvrram       000000
__Hparam                  rparam       000000
__Hpowerup                powerup      000000
__Hram                    ram          000000
__Hramtop                 ramtop       000800
__Hrbit                   rbit         000000
__Hrbss                   rbss         000000
__Hrdata                  rdata        000000
__Hreset_vec              reset_vec    000004
__Hrparam                 rparam       000000
__Hsfr                    sfr          000000
__Hsivt_hi                sivt_hi      000000
__Hsivt_lo                sivt_lo      00003A
__Hsmallconst             smallconst   000852
__Hspace_0                (abs)        0014EC
__Hspace_1                (abs)        000080
__Hspace_2                (abs)        000000
__Hspace_4                (abs)        60000E
__Hstack                  stack        000000
__Hstruct                 struct       000000
__Htemp                   temp         00005A
__Htext                   text         000000
__Htext0                  text0        000000
__Htext1                  text1        000000
__Htext10                 text10       000000
__Htext11                 text11       000000
__Htext12                 text12       000000
__Htext13                 text13       000000
__Htext14                 text14       000000
__Htext15                 text15       000000
__Htext16                 text16       000000
__Htext17                 text17       000000
__Htext18                 text18       000000
__Htext19                 text19       000000
__Htext2                  text2        000000
__Htext20                 text20       000000
__Htext3                  text3        000000
__Htext4                  text4        000000
__Htext5                  text5        000000
__Htext6                  text6        000000
__Htext7                  text7        000000
__Htext8                  text8        000000
__Htext9                  text9        000000
__LRAM                    (abs)        000001
__L__absolute__           __absolute__ 000000
__Labs1                   abs1         000000
__Lbank0                  bank0        000000
__Lbank1                  bank1        000000
__Lbank2                  bank2        000000
__Lbank3                  bank3        000000
__Lbank4                  bank4        000000
__Lbank5                  bank5        000000
__Lbank6                  bank6        000000
__Lbank7                  bank7        000000
__Lbigbss                 bigbss       000000
__Lbigdata                bigdata      000000
__Lbigram                 bigram       000000
__Lbigsfr                 bigsfr       000000
__Lbss                    bss          000000
__LbssBANK0               bssBANK0     000000
__LbssCOMRAM              bssCOMRAM    000000
__Lcinit                  cinit        000000
__Lclrtext                clrtext      000000
__Lcomram                 comram       000000
__Lconfig                 config       000000
__Lconst                  const        000000
__LcstackCOMRAM           cstackCOMRAM 000000
__Ldata                   data         000000
__Leeprom_data            eeprom_data  000000
__Lfarbss                 farbss       000000
__Lfardata                fardata      000000
__Lheap                   heap         000000
__Libigdata               ibigdata     000000
__Lidata                  idata        000000
__Lidloc                  idloc        000000
__Lifardata               ifardata     000000
__Linit                   init         00003A
__Lintcode                intcode      000008
__Lintcode_body           intcode_body 000000
__Lintcodelo              intcodelo    000018
__Lintentry               intentry     000000
__Lintret                 intret       000000
__Lintsave_regs           intsave_regs 000000
__Lirdata                 irdata       000000
__Lmediumconst            mediumconst  000000
__LnvFARRAM               nvFARRAM     000000
__Lnvbit                  nvbit        000000
__Lnvrram                 nvrram       000000
__Lparam                  rparam       000000
__Lpowerup                powerup      000000
__Lram                    ram          000000
__Lramtop                 ramtop       000800
__Lrbit                   rbit         000000
__Lrbss                   rbss         000000
__Lrdata                  rdata        000000
__Lreset_vec              reset_vec    000000
__Lrparam                 rparam       000000
__Lsfr                    sfr          000000
__Lsivt_hi                sivt_hi      000000
__Lsivt_lo                sivt_lo      00003A
__Lsmallconst             smallconst   000800
__Lspace_0                (abs)        000000
__Lspace_1                (abs)        000000
__Lspace_2                (abs)        000000
__Lspace_4                (abs)        000000
__Lstack                  stack        000000
__Lstruct                 struct       000000
__Ltemp                   temp         000059
__Ltext                   text         000000
__Ltext0                  text0        000000
__Ltext1                  text1        000000
__Ltext10                 text10       000000
__Ltext11                 text11       000000
__Ltext12                 text12       000000
__Ltext13                 text13       000000
__Ltext14                 text14       000000
__Ltext15                 text15       000000
__Ltext16                 text16       000000
__Ltext17                 text17       000000
__Ltext18                 text18       000000
__Ltext19                 text19       000000
__Ltext2                  text2        000000
__Ltext20                 text20       000000
__Ltext3                  text3        000000
__Ltext4                  text4        000000
__Ltext5                  text5        000000
__Ltext6                  text6        000000
__Ltext7                  text7        000000
__Ltext8                  text8        000000
__Ltext9                  text9        000000
__S0                      (abs)        0014EC
__S1                      (abs)        000080
__S4                      (abs)        000000
__S5                      (abs)        000000
___awdiv                  text10       000F94
___awdiv@counter          cstackCOMRAM 000007
___awdiv@dividend         cstackCOMRAM 000003
___awdiv@divisor          cstackCOMRAM 000005
___awdiv@quotient         cstackCOMRAM 000009
___awdiv@sign             cstackCOMRAM 000008
___awmod                  text9        001056
___awmod@counter          cstackCOMRAM 000007
___awmod@dividend         cstackCOMRAM 000003
___awmod@divisor          cstackCOMRAM 000005
___awmod@sign             cstackCOMRAM 000008
___heap_hi                (abs)        000000
___heap_lo                (abs)        000000
___inthi_sp               stack        000000
___inthi_stack_hi         stack        000000
___inthi_stack_lo         stack        000000
___intlo_sp               stack        000000
___intlo_stack_hi         stack        000000
___intlo_stack_lo         stack        000000
___param_bank             (abs)        000000
___rparam_used            (abs)        000001
___sp                     stack        000000
___stack_hi               stack        000000
___stack_lo               stack        000000
__accesstop               (abs)        000060
__activetblptr            (abs)        000002
__end_of_HighISR          intcode_body 0014EA
__end_of_Lcd_Clear        text18       0014E4
__end_of_Lcd_Cmd          text19       0014B0
__end_of_Lcd_Init         text17       001230
__end_of_Lcd_Port         text20       00136C
__end_of_Lcd_Set_Cursor   text13       000F94
__end_of_Lcd_Write_Char   text12       0013E2
__end_of_Lcd_Write_String text11       0012AE
__end_of_LowISR           intcodelo    00003A
__end_of___awdiv          text10       001056
__end_of___awmod          text9        001104
__end_of__initialization  cinit        001462
__end_of_abs              text8        00144A
__end_of_fputc            text6        0011AE
__end_of_init_int         text16       0014D6
__end_of_init_maqueta     text15       001310
__end_of_init_ports       text14       0014C8
__end_of_main             text0        000B12
__end_of_mostrar_conteo   text1        000D0A
__end_of_mostrar_variable text2        001490
__end_of_putch            text7        0014EC
__end_of_sprintf          text3        001416
__end_of_vfpfcnvrt        text5        000EC2
__end_of_vfprintf         text4        0013AA
__initialization          cinit        00144A
__mediumconst             smallconst   000800
__pbssBANK0               bssBANK0     000060
__pbssCOMRAM              bssCOMRAM    000046
__pcinit                  cinit        00144A
__pcstackCOMRAM           cstackCOMRAM 000001
__pintcode                intcode      000008
__pintcode_body           intcode_body 0014E4
__pintcodelo              intcodelo    000018
__psmallconst             smallconst   000800
__ptext0                  text0        000852
__ptext1                  text1        000B12
__ptext10                 text10       000F94
__ptext11                 text11       001230
__ptext12                 text12       0013AA
__ptext13                 text13       000EC2
__ptext14                 text14       0014B0
__ptext15                 text15       0012AE
__ptext16                 text16       0014C8
__ptext17                 text17       0011AE
__ptext18                 text18       0014D6
__ptext19                 text19       001490
__ptext2                  text2        001470
__ptext20                 text20       001310
__ptext3                  text3        0013E2
__ptext4                  text4        00136C
__ptext5                  text5        000D0A
__ptext6                  text6        001104
__ptext7                  text7        0014EA
__ptext8                  text8        001416
__ptext9                  text9        001056
__ramtop                  ramtop       000800
__smallconst              smallconst   000800
_abs                      text8        001416
_banderaB                 bssCOMRAM    00004E
_banderaM                 bssCOMRAM    00004C
_banderaN                 bssCOMRAM    000050
_blanca                   bssCOMRAM    000056
_dbuf                     bssBANK0     000060
_escena                   bssCOMRAM    00004A
_flags                    bssCOMRAM    000058
_fputc                    text6        001104
_init_int                 text16       0014C8
_init_maqueta             text15       0012AE
_init_ports               text14       0014B0
_main                     text0        000852
_metalica                 bssCOMRAM    000052
_mostrar_conteo           text1        000B12
_mostrar_variable         text2        001470
_negra                    bssCOMRAM    000054
_prec                     bssCOMRAM    000048
_putch                    text7        0014EA
_sprintf                  text3        0013E2
_vfpfcnvrt                text5        000D0A
_vfprintf                 text4        00136C
_width                    bssCOMRAM    000046
abs@a                     cstackCOMRAM 000009
btemp                     temp         000059
end_of_initialization     cinit        001462
fputc@c                   cstackCOMRAM 000003
fputc@fp                  cstackCOMRAM 000005
int$flags                 temp         000059
int_func                  intcode_body 0014E4
intlevel0                 text         000000
intlevel1                 text         000000
intlevel2                 text         000000
intlevel3                 text         000000
isa$std                   (abs)        000001
isa$xinst                 (abs)        000000
main@giro                 cstackCOMRAM 000044
mostrar_variable@buffer   cstackCOMRAM 00002E
mostrar_variable@x        cstackCOMRAM 00002C
sprintf@ap                cstackCOMRAM 000020
sprintf@f                 cstackCOMRAM 000021
sprintf@fmt               cstackCOMRAM 00001D
sprintf@s                 cstackCOMRAM 00001C
stackhi                   (abs)        000000
stacklo                   (abs)        000000
start                     init         00003A
start_initialization      cinit        00144A
ttemp5                    temp         00005A
ttemp6                    temp         00005D
ttemp7                    temp         000061
vfpfcnvrt@ap              cstackCOMRAM 00000F
vfpfcnvrt@c               cstackCOMRAM 000017
vfpfcnvrt@convarg         cstackCOMRAM 000013
vfpfcnvrt@cp              cstackCOMRAM 000012
vfpfcnvrt@done            cstackCOMRAM 000011
vfpfcnvrt@fmt             cstackCOMRAM 00000E
vfpfcnvrt@fp              cstackCOMRAM 00000D
vfprintf@ap               cstackCOMRAM 00001A
vfprintf@cfmt             cstackCOMRAM 00001B
vfprintf@fmt              cstackCOMRAM 000019
vfprintf@fp               cstackCOMRAM 000018
wtemp8                    temp         00005A


MODULE INFORMATION

Module		Function		Class		Link	Load	Size
Cinta.c
		_mostrar_variable		CODE           	1470	0000	32
		_LowISR        		CODE           	0018	0000	34
		_init_int      		CODE           	14C8	0000	14
		_mostrar_conteo		CODE           	0B12	0000	504
		_main          		CODE           	0852	0000	704
		_init_ports    		CODE           	14B0	0000	24
		_init_maqueta  		CODE           	12AE	0000	98
		_HighISR       		CODE           	0008	0000	12

Cinta.c estimated size: 1422

C:\Program Files\Microchip\xc8\v3.00\pic\sources\c99\common\abs.c
		_abs           		CODE           	1416	0000	52

C:\Program Files\Microchip\xc8\v3.00\pic\sources\c99\common\abs.c estimated size: 52

C:\Program Files\Microchip\xc8\v3.00\pic\sources\c99\common\nf_fputc.c
		_fputc         		CODE           	1104	0000	170

C:\Program Files\Microchip\xc8\v3.00\pic\sources\c99\common\nf_fputc.c estimated size: 170

C:\Program Files\Microchip\xc8\v3.00\pic\sources\c99\common\nf_sprintf.c
		_sprintf       		CODE           	13E2	0000	52

C:\Program Files\Microchip\xc8\v3.00\pic\sources\c99\common\nf_sprintf.c estimated size: 52

C:\Program Files\Microchip\xc8\v3.00\pic\sources\c99\common\awmod.c
		___awmod       		CODE           	1056	0000	174

C:\Program Files\Microchip\xc8\v3.00\pic\sources\c99\common\awmod.c estimated size: 174

C:\Program Files\Microchip\xc8\v3.00\pic\sources\c99\common\putch.c
		_putch         		CODE           	14EA	0000	2

C:\Program Files\Microchip\xc8\v3.00\pic\sources\c99\common\putch.c estimated size: 2

shared
		__initialization		CODE           	144A	0000	24

shared estimated size: 24

lcd.c
		_Lcd_Write_String		CODE           	1230	0000	126
		_Lcd_Init      		CODE           	11AE	0000	130
		_Lcd_Write_Char		CODE           	13AA	0000	56
		_Lcd_Cmd       		CODE           	1490	0000	32
		_Lcd_Set_Cursor		CODE           	0EC2	0000	210
		_Lcd_Clear     		CODE           	14D6	0000	14
		_Lcd_Port      		CODE           	1310	0000	92

lcd.c estimated size: 660

C:\Program Files\Microchip\xc8\v3.00\pic\sources\c99\common\awdiv.c
		___awdiv       		CODE           	0F94	0000	194

C:\Program Files\Microchip\xc8\v3.00\pic\sources\c99\common\awdiv.c estimated size: 194

C:\Program Files\Microchip\xc8\v3.00\pic\sources\c99\common\doprnt.c
		_vfpfcnvrt     		CODE           	0D0A	0000	440
		_vfprintf      		CODE           	136C	0000	62

C:\Program Files\Microchip\xc8\v3.00\pic\sources\c99\common\doprnt.c estimated size: 502

